// Jest Snapshot v1, https://goo.gl/fbAQLP

exports[`Articles should render without crashing 1`] = `ReactWrapper {}`;
