// Jest Snapshot v1, https://goo.gl/fbAQLP

exports[`<Register /> should render without crashing 1`] = `ShallowWrapper {}`;
