// Jest Snapshot v1, https://goo.gl/fbAQLP

exports[`<Chips /> should render without the component 1`] = `ShallowWrapper {}`;
