// Jest Snapshot v1, https://goo.gl/fbAQLP

exports[`Read an article Should store component snapshot 1`] = `ReactWrapper {}`;
