// Jest Snapshot v1, https://goo.gl/fbAQLP

exports[`Testing reset password Should create RequestReset snapshot 1`] = `ShallowWrapper {}`;
