// Jest Snapshot v1, https://goo.gl/fbAQLP

exports[`Testing reset password Should create UpdatePassword snapshot 1`] = `ReactWrapper {}`;
